L:\\MRM2202\\Macros\\RunSetUp\\TCMenu
L:\\MRM2202\\Macros\\RunSetUp\\MasterDBox_laptop
L:\\MRM2202\\Macros\\RunSetUp\\InitializeArgs
L:\\MRM2202\\Macros\\RunSetUp\\showargs
L:\\MRM2202\\Macros\\RunSetUp\\ChooseAB
L:\\MRM2202\\Macros\\RunSetUp\\ChooseABC
L:\\MRM2202\\Macros\\RunSetUp\\AssnonExistingTripTables_laptop

L:\\MRM2202\\Macros\\RunSetUp\\GetFieldCore	
L:\\MRM2202\\Macros\\RunSetUp\\Matrix_template
L:\\MRM2202\\Macros\\RunSetUp\\RunJob
L:\\MRM2202\\Macros\\RunSetUp\\RunJob_Tour
L:\\MRM2202\\Macros\\RunSetUp\\Select_PartialRun
L:\\MRM2202\\Macros\\RunSetUp\\Select_PartialRun_Tour_laptop
L:\\MRM2202\\Macros\\RunSetUp\\DidItRun

L:\\MRM2202\\Macros\\Highway\\Build_Networks
L:\\MRM2202\\Macros\\Highway\\Fill_prj_year
L:\\MRM2202\\Macros\\Highway\\Build_HwyNet
L:\\MRM2202\\Macros\\Highway\\Area_Type2
L:\\MRM2202\\Macros\\Highway\\CapSpd
L:\\MRM2202\\Macros\\Highway\\ped_drive_den_update
L:\\MRM2202\\Macros\\Highway\\HwySkim_Free
L:\\MRM2202\\Macros\\Highway\\HwySkim_Peak
L:\\MRM2202\\Macros\\Highway\\Terminal_Intrazonal_TT
L:\\MRM2202\\Macros\\Highway\\ExtStaforTripGen
L:\\MRM2202\\Macros\\Highway\\Trip_Generation
L:\\MRM2202\\Macros\\Highway\\Aggregate_TripGen
L:\\MRM2202\\Macros\\Highway\\EE_Trips

L:\\MRM2202\\Macros\\Highway\\HHMET
L:\\MRM2202\\Macros\\Highway\\Tour_XX
L:\\MRM2202\\Macros\\Highway\\Tour_Frequency
L:\\MRM2202\\Macros\\Highway\\Tour_TF_CountySummaryStats
L:\\MRM2202\\Macros\\Highway\\Tour_Accessibility
L:\\MRM2202\\Macros\\Highway\\Tour_DestinationChoice
L:\\MRM2202\\Macros\\Highway\\Tour_IS_TC9
L:\\MRM2202\\Macros\\Highway\\Tour_IS_Location
L:\\MRM2202\\Macros\\Highway\\Tour_TruckTGTD
L:\\MRM2202\\Macros\\Highway\\Tour_ToD1
L:\\MRM2202\\Macros\\Highway\\Tour_TripAccumulator
L:\\MRM2202\\Macros\\Highway\\Tour_TOD2_AMPeak
L:\\MRM2202\\Macros\\Highway\\Tour_TOD2_PMPeak
L:\\MRM2202\\Macros\\Highway\\Tour_TOD2_Midday
L:\\MRM2202\\Macros\\Highway\\Tour_TOD2_Night
L:\\MRM2202\\Macros\\Highway\\Tour_DC_FB
L:\\MRM2202\\Macros\\Highway\\Tour_IS_FB
L:\\MRM2202\\Macros\\Highway\\Tour_IS_Location_FB
L:\\MRM2202\\Macros\\Highway\\Tour_ToD1_FB
L:\\MRM2202\\Macros\\Highway\\Tour_TripAccumulator_FB

L:\\MRM2202\\Macros\\Highway\\TDHBW1
L:\\MRM2202\\Macros\\Highway\\TDHBW2
L:\\MRM2202\\Macros\\Highway\\TDHBW3
L:\\MRM2202\\Macros\\Highway\\TDHBW4
L:\\MRM2202\\Macros\\Highway\\TDHBO1
L:\\MRM2202\\Macros\\Highway\\TDHBO2
L:\\MRM2202\\Macros\\Highway\\TDHBO3
L:\\MRM2202\\Macros\\Highway\\TDHBO4
L:\\MRM2202\\Macros\\Highway\\TDHBS1
L:\\MRM2202\\Macros\\Highway\\TDHBS2
L:\\MRM2202\\Macros\\Highway\\TDHBS3
L:\\MRM2202\\Macros\\Highway\\TDHBS4
L:\\MRM2202\\Macros\\Highway\\TDSCH
L:\\MRM2202\\Macros\\Highway\\TDHBU
L:\\MRM2202\\Macros\\Highway\\TDJTW
L:\\MRM2202\\Macros\\Highway\\TDATW
L:\\MRM2202\\Macros\\Highway\\TDNWK
L:\\MRM2202\\Macros\\Highway\\TDCOM
L:\\MRM2202\\Macros\\Highway\\TDMTK
L:\\MRM2202\\Macros\\Highway\\TDHTK
L:\\MRM2202\\Macros\\Highway\\TDEIW
L:\\MRM2202\\Macros\\Highway\\TDEIN
L:\\MRM2202\\Macros\\Highway\\TDEIC
L:\\MRM2202\\Macros\\Highway\\TDEIM
L:\\MRM2202\\Macros\\Highway\\TDEIH
L:\\MRM2202\\Macros\\Highway\\TDIEW
L:\\MRM2202\\Macros\\Highway\\TDIEN
L:\\MRM2202\\Macros\\Highway\\TDIEC
L:\\MRM2202\\Macros\\Highway\\TDIEM
L:\\MRM2202\\Macros\\Highway\\TDIEH
L:\\MRM2202\\Macros\\Highway\\TOD1_HBW_Peak
L:\\MRM2202\\Macros\\Highway\\TOD1_HBW_OffPeak
L:\\MRM2202\\Macros\\Highway\\TOD1_HBO_Peak
L:\\MRM2202\\Macros\\Highway\\TOD1_HBO_OffPeak
L:\\MRM2202\\Macros\\Highway\\TOD1_NHB_Peak
L:\\MRM2202\\Macros\\Highway\\TOD1_NHB_OffPeak
L:\\MRM2202\\Macros\\Highway\\TOD1_HBU_Peak
L:\\MRM2202\\Macros\\Highway\\TOD1_HBU_OffPeak
L:\\MRM2202\\Macros\\Highway\\TOD2_COM_MTK_HTK
L:\\MRM2202\\Macros\\Highway\\TOD2_AMPeak
L:\\MRM2202\\Macros\\Highway\\TOD2_PMPeak
L:\\MRM2202\\Macros\\Highway\\TOD2_Midday
L:\\MRM2202\\Macros\\Highway\\TOD2_Night
L:\\MRM2202\\Macros\\Highway\\HwyAssn_RunAMPeak
L:\\MRM2202\\Macros\\Highway\\HwyAssn_RunPMPeak
L:\\MRM2202\\Macros\\Highway\\HwyAssn_RunMidday
L:\\MRM2202\\Macros\\Highway\\HwyAssn_RunNight
L:\\MRM2202\\Macros\\Highway\\HwyAssn_MMA_TCv7
L:\\MRM2202\\Macros\\Highway\\Feedback_TravelTime
L:\\MRM2202\\Macros\\Highway\\HwyAssn_RunTotAssn
L:\\MRM2202\\Macros\\Highway\\TotAssn
L:\\MRM2202\\Macros\\Highway\\HwyAssn_RunHOTAMPeak
L:\\MRM2202\\Macros\\Highway\\HwyAssn_RunHOTPMPeak
L:\\MRM2202\\Macros\\Highway\\HwyAssn_RunHOTMidday
L:\\MRM2202\\Macros\\Highway\\HwyAssn_RunHOTNight
L:\\MRM2202\\Macros\\Highway\\HwyAssn_HOT_TCv7
L:\\MRM2202\\Macros\\Highway\\HwyAssn_RunHOTTotAssn


L:\\MRM2202\\Macros\\Transit\\RouteSystemSetUp
L:\\MRM2202\\Macros\\Transit\\FillParkCost
L:\\MRM2202\\Macros\\Transit\\Prepare_Transit_Files
L:\\MRM2202\\Macros\\Transit\\AutoSkims_Free
L:\\MRM2202\\Macros\\Transit\\AutoSkims_Peak
L:\\MRM2202\\Macros\\Transit\\Reg_NonMotorized
L:\\MRM2202\\Macros\\Transit\\Reg_PPrmW
L:\\MRM2202\\Macros\\Transit\\Reg_PPrmD
L:\\MRM2202\\Macros\\Transit\\Reg_PPrmDrop
L:\\MRM2202\\Macros\\Transit\\Reg_PBusW
L:\\MRM2202\\Macros\\Transit\\Reg_PBusD
L:\\MRM2202\\Macros\\Transit\\Reg_PBusDrop
L:\\MRM2202\\Macros\\Transit\\Reg_OPPrmW
L:\\MRM2202\\Macros\\Transit\\Reg_OPPrmD
L:\\MRM2202\\Macros\\Transit\\Reg_OPPrmDrop
L:\\MRM2202\\Macros\\Transit\\Reg_OPBusW
L:\\MRM2202\\Macros\\Transit\\Reg_OPBusD
L:\\MRM2202\\Macros\\Transit\\Reg_OPBusDrop
L:\\MRM2202\\Macros\\Transit\\XPR_StopFlags
L:\\MRM2202\\Macros\\Transit\\create_tnet
L:\\MRM2202\\Macros\\Transit\\set_tnet
L:\\MRM2202\\Macros\\Transit\\Compute_OP_Matrix
L:\\MRM2202\\Macros\\Transit\\Update_Drive_Skims_Mtx
L:\\MRM2202\\Macros\\Transit\\Update_DropOff_Skims_Mtx
L:\\MRM2202\\Macros\\Transit\\TD_TranPath_Free
L:\\MRM2202\\Macros\\Transit\\TD_TranPath_Peak
L:\\MRM2202\\Macros\\Transit\\MS_RunPeak
L:\\MRM2202\\Macros\\Transit\\MS_RunOffPeak
L:\\MRM2202\\Macros\\Transit\\MS_HBWPeak
L:\\MRM2202\\Macros\\Transit\\MS_HBWOffPeak
L:\\MRM2202\\Macros\\Transit\\MS_HBOPeak
L:\\MRM2202\\Macros\\Transit\\MS_HBOOffPeak
L:\\MRM2202\\Macros\\Transit\\MS_NHBPeak
L:\\MRM2202\\Macros\\Transit\\MS_NHBOffPeak
L:\\MRM2202\\Macros\\Transit\\MS_HBUPeak
L:\\MRM2202\\Macros\\Transit\\MS_HBUOffPeak
L:\\MRM2202\\Macros\\Transit\\Transit_Input
L:\\MRM2202\\Macros\\Transit\\Market_Segment
L:\\MRM2202\\Macros\\Transit\\PPrmW_Assign
L:\\MRM2202\\Macros\\Transit\\PPrmD_Assign
L:\\MRM2202\\Macros\\Transit\\PPrmDrop_Assign
L:\\MRM2202\\Macros\\Transit\\PBusW_Assign
L:\\MRM2202\\Macros\\Transit\\PBusD_Assign
L:\\MRM2202\\Macros\\Transit\\PBusDrop_Assign
L:\\MRM2202\\Macros\\Transit\\OPPrmW_Assign
L:\\MRM2202\\Macros\\Transit\\OPPrmD_Assign
L:\\MRM2202\\Macros\\Transit\\OPPrmDrop_Assign
L:\\MRM2202\\Macros\\Transit\\OPBusW_Assign
L:\\MRM2202\\Macros\\Transit\\OPBusD_Assign
L:\\MRM2202\\Macros\\Transit\\OPBusDrop_Assign
L:\\MRM2202\\Macros\\Transit\\Transit_Pax_Stats
L:\\MRM2202\\Macros\\Transit\\Transit_Operations_Stats
//L:\\MRM2202\\Macros\\Transit\\Transit_Boardings
L:\\MRM2202\\Macros\\Transit\\Transit_RunStats

L:\\MRM2202\\Macros\\Utilities\\MRMUtilities
L:\\MRM2202\\Macros\\Utilities\\AreaType_TAZNeighbors
L:\\MRM2202\\Macros\\Utilities\\checkLU
L:\\MRM2202\\Macros\\Utilities\\TDMatrixStats
L:\\MRM2202\\Macros\\Utilities\\MSMatrixStats
L:\\MRM2202\\Macros\\Utilities\\ODMatrixStats
L:\\MRM2202\\Macros\\Utilities\\VMTAQ
L:\\MRM2202\\Macros\\Utilities\\AvgTripLenTrips
L:\\MRM2202\\Macros\\Utilities\\AvgTripLenTrips_tour_TC9
L:\\MRM2202\\Macros\\Utilities\\Tour_RunStats
L:\\MRM2202\\Macros\\Utilities\\HighwayCalibrationStats
L:\\MRM2202\\Macros\\Utilities\\HighwayCalibrationStats_tour_AHG
